# page=CONVERSATION
other	Just to recap what we agreed on the call. First, the draft goes to the client on Monday. Second, I will send you the figures tomorrow morning. Third, we review everything together on Wednesday afternoon. Let me know if I missed anything.
me	Sounds good to me.
other	See you Wednesday
other	Thanks, speak soon.
